---
source: crates/hpr-io/src/ork/tests.rs
expression: snapshot_of(&design)
---
{
  "configurations": [
    {
      "default": true,
      "id": "cfg-bt-h128",
      "left_out": "no_curve",
      "motors": [
        {
          "curve": {
            "none": "not_found"
          },
          "delay": {
            "kind": "seconds",
            "value": 6.0
          },
          "ignition": "automatic + 0 s",
          "motor": "AeroTech H128W",
          "mount": "10f70000-0000-4000-8000-0000000000b6"
        }
      ],
      "name": "",
      "unread": 0
    }
  ],
  "flown": [],
  "kept": {
    "attributes": 1,
    "parts": [],
    "sections": 0,
    "tags": 3
  },
  "layout": {
    "cg_z_m": -0.6186266,
    "mass_kg": 0.690336433
  },
  "recovery": {
    "devices": [
      {
        "altitude_m": null,
        "cd": {
          "kind": "stated",
          "value": 0.8
        },
        "configurations": 0,
        "delay_s": 0.0,
        "deploy": "apogee",
        "id": "10f70000-0000-4000-8000-0000000000b5",
        "kind": "parachute"
      }
    ],
    "separations": []
  },
  "reduced": false,
  "rocket": "Loft Demo 38mm — boattail + elliptical fins",
  "simulations": [
    {
      "branches": 0,
      "configuration": "cfg-bt-h128",
      "max_altitude_m": 1015.0,
      "name": "Simulation 1",
      "rows": 0,
      "status": "external"
    }
  ],
  "stages": [
    {
      "components": [
        {
          "id": "10f70000-0000-4000-8000-0000000000b2",
          "kind": "nose_cone",
          "motor_mount": false,
          "parts": 0
        },
        {
          "id": "10f70000-0000-4000-8000-0000000000b3",
          "kind": "body_tube",
          "motor_mount": false,
          "parts": 6
        },
        {
          "id": "10f70000-0000-4000-8000-0000000000ba",
          "kind": "transition",
          "motor_mount": false,
          "parts": 0
        }
      ],
      "id": "10f70000-0000-4000-8000-0000000000b1"
    }
  ],
  "warnings": []
}
